{"provider":"cloudflare","account_id":"acct1","type":"cloudflare.zone","id":"zone-1","name":"example.com","status":"active","created_at":"2025-01-02T03:04:05Z","tags":{"env":"prod","team":"platform"}}
{"provider":"kubernetes","account_id":"kind-test","region":"local","type":"v1.Pod","id":"uid-2","name":"nginx-abc","status":"Running"}
